# serial direct N-body DKD rsqrt-newton3rd
# arithmetic_dtype=double binary_storage=float32 format=nbody-f32-v1
# N=50000 nsteps=50 dt=0.0001 eps=0.050000000000000003 G=1 mass=1
# step time kinetic potential total rel_energy_drift
0 0 366701859.8791694 -732114869.15914667 -365413009.27997726 0
50 0.0050000000000000001 363022541.76515198 -728435395.78267884 -365412854.01752687 0
# final: N=50000 steps=50 arithmetic_dtype=double max_relative_energy_drift=0 tolerance=0.001 status=OK

--- profiling report ---
file read      : 1.325724e-03 s
file write     : 0.000000e+00 s
initial energy : 4.025055e+00 s
total run      : 5.167489e+01 s

--- per-step phases (50 steps) ---
total step     median=8.725572e-01 s  trimmed_mean=8.725602e-01 s  std=7.857134e-05 s
first drift    median=4.362049e-05 s  trimmed_mean=4.364320e-05 s  std=7.224665e-08 s
force          median=8.723848e-01 s  trimmed_mean=8.723881e-01 s  std=7.831431e-05 s
kick           median=6.435001e-05 s  trimmed_mean=6.438873e-05 s  std=4.226390e-07 s
second drift   median=6.444049e-05 s  trimmed_mean=6.388572e-05 s  std=1.761592e-06 s

--- PAPI hardware counters, force kernel (50 steps) ---
cycles         median=3.736133e+09    trimmed_mean=3.736124e+09    std=1.609815e+05
instructions   median=5.476609e+09    trimmed_mean=5.476609e+09    std=8.306624e-01
L1 dcm         median=9.564474e+08    trimmed_mean=9.564461e+08    std=1.432976e+04
L2 dcm         median=1.380775e+07    trimmed_mean=1.380828e+07    std=1.161140e+04
IPC            : 1.465848e+00
