# serial direct N-body DKD rsqrt-newton3rd
# arithmetic_dtype=double binary_storage=float32 format=nbody-f32-v1
# N=50000 nsteps=50 dt=0.0001 eps=0.050000000000000003 G=1 mass=1
# step time kinetic potential total rel_energy_drift
0 0 366701859.8791694 -732114869.15914667 -365413009.27997726 0
50 0.0050000000000000001 367410860.48068666 -732794113.02560997 -365383252.54492331 8.1433157272069301e-05
# final: N=50000 steps=50 arithmetic_dtype=double max_relative_energy_drift=8.1433157272069301e-05 tolerance=0.001 status=OK

--- profiling report ---
file read      : 2.098969e-03 s
file write     : 0.000000e+00 s
initial energy : 4.036904e+00 s
total run      : 4.411571e+01 s

--- per-step phases (50 steps) ---
total step     median=7.203236e-01 s  trimmed_mean=7.206425e-01 s  std=1.301727e-03 s
first drift    median=5.238999e-05 s  trimmed_mean=5.242683e-05 s  std=1.713877e-07 s
force          median=7.201205e-01 s  trimmed_mean=7.204516e-01 s  std=1.303348e-03 s
kick           median=6.276049e-05 s  trimmed_mean=6.301310e-05 s  std=3.027715e-06 s
second drift   median=7.180100e-05 s  trimmed_mean=7.187157e-05 s  std=2.192545e-06 s

--- PAPI hardware counters, force kernel (50 steps) ---
cycles         median=3.077185e+09    trimmed_mean=3.077120e+09    std=5.649679e+05
instructions   median=4.382234e+09    trimmed_mean=4.382234e+09    std=2.039455e+00
L1 dcm         median=9.528020e+08    trimmed_mean=9.528002e+08    std=8.916954e+03
L2 dcm         median=2.760022e+07    trimmed_mean=2.760649e+07    std=4.611527e+04
IPC            : 1.424109e+00
