# serial direct N-body DKD rsqrt-newton3rd
# arithmetic_dtype=double binary_storage=float32 format=nbody-f32-v1
# N=50000 nsteps=50 dt=0.0001 eps=0.050000000000000003 G=1 mass=1
# step time kinetic potential total rel_energy_drift
0 0 366701859.8791694 -732114869.15914667 -365413009.27997726 0
50 0.0050000000000000001 363022541.76515198 -728435395.78267884 -365412854.01752687 0
# final: N=50000 steps=50 arithmetic_dtype=double max_relative_energy_drift=0 tolerance=0.001 status=OK

--- profiling report ---
file read      : 1.396305e-03 s
file write     : 0.000000e+00 s
initial energy : 4.030023e+00 s
total run      : 5.184219e+01 s

--- per-step phases (50 steps) ---
total step     median=8.756876e-01 s  trimmed_mean=8.756969e-01 s  std=7.415426e-05 s
first drift    median=4.355601e-05 s  trimmed_mean=4.357930e-05 s  std=9.612159e-08 s
force          median=8.755150e-01 s  trimmed_mean=8.755237e-01 s  std=7.401359e-05 s
kick           median=6.493551e-05 s  trimmed_mean=6.491125e-05 s  std=6.374686e-07 s
second drift   median=6.457100e-05 s  trimmed_mean=6.436045e-05 s  std=1.420864e-06 s

--- PAPI hardware counters, force kernel (50 steps) ---
cycles         median=3.749647e+09    trimmed_mean=3.749672e+09    std=2.526386e+05
instructions   median=5.476609e+09    trimmed_mean=5.476609e+09    std=7.599342e-01
L1 dcm         median=9.632018e+08    trimmed_mean=9.632038e+08    std=4.027455e+04
L2 dcm         median=1.423914e+07    trimmed_mean=1.423858e+07    std=1.248694e+04
IPC            : 1.460550e+00
