# serial direct N-body DKD rsqrt-newton3rd
# arithmetic_dtype=double binary_storage=float32 format=nbody-f32-v1
# N=50000 nsteps=50 dt=0.0001 eps=0.050000000000000003 G=1 mass=1
# step time kinetic potential total rel_energy_drift
0 0 366701859.8791694 -732114869.15914667 -365413009.27997726 0
50 0.0050000000000000001 367410860.48068666 -732794113.02560997 -365383252.54492331 8.1433157272069301e-05
# final: N=50000 steps=50 arithmetic_dtype=double max_relative_energy_drift=8.1433157272069301e-05 tolerance=0.001 status=OK

--- profiling report ---
file read      : 1.485963e-03 s
file write     : 0.000000e+00 s
initial energy : 4.054527e+00 s
total run      : 4.669570e+01 s

--- per-step phases (50 steps) ---
total step     median=7.698876e-01 s  trimmed_mean=7.714022e-01 s  std=2.673406e-03 s
first drift    median=4.386049e-05 s  trimmed_mean=4.391187e-05 s  std=1.376151e-07 s
force          median=7.697169e-01 s  trimmed_mean=7.712274e-01 s  std=2.671490e-03 s
kick           median=6.556502e-05 s  trimmed_mean=6.520563e-05 s  std=2.659356e-06 s
second drift   median=6.456551e-05 s  trimmed_mean=6.405655e-05 s  std=2.085494e-06 s

--- PAPI hardware counters, force kernel (50 steps) ---
cycles         median=3.292064e+09    trimmed_mean=3.292068e+09    std=6.877619e+05
instructions   median=4.382234e+09    trimmed_mean=4.382234e+09    std=2.923931e+00
L1 dcm         median=9.527699e+08    trimmed_mean=9.527687e+08    std=9.866835e+03
L2 dcm         median=2.548123e+07    trimmed_mean=2.548014e+07    std=4.602995e+04
IPC            : 1.331137e+00
