# serial direct N-body DKD rsqrt-newton3rd
# arithmetic_dtype=double binary_storage=float32 format=nbody-f32-v1
# N=50000 nsteps=50 dt=0.0001 eps=0.050000000000000003 G=1 mass=1
# step time kinetic potential total rel_energy_drift
0 0 366701859.8791694 -732114869.15914667 -365413009.27997726 0
50 0.0050000000000000001 363022541.76515198 -728435395.78267884 -365412854.01752687 0
# final: N=50000 steps=50 arithmetic_dtype=double max_relative_energy_drift=0 tolerance=0.001 status=OK

--- profiling report ---
file read      : 1.400194e-03 s
file write     : 0.000000e+00 s
initial energy : 4.025063e+00 s
total run      : 5.023857e+01 s

--- per-step phases (50 steps) ---
total step     median=8.436468e-01 s  trimmed_mean=8.436594e-01 s  std=8.756363e-05 s
first drift    median=4.361500e-05 s  trimmed_mean=4.366720e-05 s  std=1.330237e-07 s
force          median=8.434754e-01 s  trimmed_mean=8.434873e-01 s  std=8.783115e-05 s
kick           median=6.469050e-05 s  trimmed_mean=6.474517e-05 s  std=4.938024e-07 s
second drift   median=6.340101e-05 s  trimmed_mean=6.330043e-05 s  std=1.376418e-06 s

--- PAPI hardware counters, force kernel (50 steps) ---
cycles         median=3.612786e+09    trimmed_mean=3.612849e+09    std=2.609840e+05
instructions   median=5.476609e+09    trimmed_mean=5.476609e+09    std=6.319612e-01
L1 dcm         median=9.560272e+08    trimmed_mean=9.560277e+08    std=6.808915e+03
L2 dcm         median=1.435254e+07    trimmed_mean=1.435599e+07    std=1.852773e+04
IPC            : 1.515865e+00
