# serial direct N-body DKD rsqrt-newton3rd
# arithmetic_dtype=double binary_storage=float32 format=nbody-f32-v1
# N=50000 nsteps=50 dt=0.0001 eps=0.050000000000000003 G=1 mass=1
# step time kinetic potential total rel_energy_drift
0 0 366701859.8791694 -732114869.15914667 -365413009.27997726 0
50 0.0050000000000000001 367410860.48068666 -732794113.02560997 -365383252.54492331 8.1433157272069301e-05
# final: N=50000 steps=50 arithmetic_dtype=double max_relative_energy_drift=8.1433157272069301e-05 tolerance=0.001 status=OK

--- profiling report ---
file read      : 1.546954e-03 s
file write     : 0.000000e+00 s
initial energy : 4.040740e+00 s
total run      : 4.382772e+01 s

--- per-step phases (50 steps) ---
total step     median=7.146014e-01 s  trimmed_mean=7.146877e-01 s  std=5.249346e-04 s
first drift    median=5.949600e-05 s  trimmed_mean=6.205530e-05 s  std=5.535393e-06 s
force          median=7.143933e-01 s  trimmed_mean=7.144797e-01 s  std=5.238060e-04 s
kick           median=6.419550e-05 s  trimmed_mean=6.478057e-05 s  std=1.490621e-06 s
second drift   median=7.950050e-05 s  trimmed_mean=7.954898e-05 s  std=2.035267e-06 s

--- PAPI hardware counters, force kernel (50 steps) ---
cycles         median=3.055192e+09    trimmed_mean=3.054923e+09    std=1.365896e+06
instructions   median=4.382234e+09    trimmed_mean=4.382234e+09    std=1.161626e+00
L1 dcm         median=9.530455e+08    trimmed_mean=9.530422e+08    std=1.033296e+04
L2 dcm         median=2.342467e+07    trimmed_mean=2.342859e+07    std=7.415995e+04
IPC            : 1.434549e+00
