# serial direct N-body DKD rsqrt-newton3rd
# arithmetic_dtype=double binary_storage=float32 format=nbody-f32-v1
# N=50000 nsteps=50 dt=0.0001 eps=0.050000000000000003 G=1 mass=1
# step time kinetic potential total rel_energy_drift
0 0 366701859.8791694 -732114869.15914667 -365413009.27997726 0
50 0.0050000000000000001 363022541.76515198 -728435395.78267884 -365412854.01752687 0
# final: N=50000 steps=50 arithmetic_dtype=double max_relative_energy_drift=0 tolerance=0.001 status=OK

--- profiling report ---
file read      : 1.449875e-03 s
file write     : 0.000000e+00 s
initial energy : 4.027619e+00 s
total run      : 5.267074e+01 s

--- per-step phases (50 steps) ---
total step     median=8.927375e-01 s  trimmed_mean=8.927346e-01 s  std=6.690023e-05 s
first drift    median=4.342551e-05 s  trimmed_mean=4.345520e-05 s  std=1.142034e-07 s
force          median=8.925615e-01 s  trimmed_mean=8.925607e-01 s  std=6.595066e-05 s
kick           median=6.417550e-05 s  trimmed_mean=6.418625e-05 s  std=4.556894e-07 s
second drift   median=6.416551e-05 s  trimmed_mean=6.444688e-05 s  std=1.710210e-06 s

--- PAPI hardware counters, force kernel (50 steps) ---
cycles         median=3.822817e+09    trimmed_mean=3.822793e+09    std=1.588351e+05
instructions   median=5.476609e+09    trimmed_mean=5.476609e+09    std=6.982120e-01
L1 dcm         median=9.569218e+08    trimmed_mean=9.569207e+08    std=8.408633e+03
L2 dcm         median=1.450573e+07    trimmed_mean=1.450623e+07    std=1.688192e+04
IPC            : 1.432619e+00
