# serial direct N-body DKD rsqrt-newton3rd
# arithmetic_dtype=double binary_storage=float32 format=nbody-f32-v1
# N=50000 nsteps=50 dt=0.0001 eps=0.050000000000000003 G=1 mass=1
# step time kinetic potential total rel_energy_drift
0 0 366701859.8791694 -732114869.15914667 -365413009.27997726 0
50 0.0050000000000000001 363022541.76515198 -728435395.78267884 -365412854.01752687 0
# final: N=50000 steps=50 arithmetic_dtype=double max_relative_energy_drift=0 tolerance=0.001 status=OK

--- profiling report ---
file read      : 1.404175e-03 s
file write     : 0.000000e+00 s
initial energy : 4.024782e+00 s
total run      : 5.323719e+01 s

--- per-step phases (50 steps) ---
total step     median=9.038233e-01 s  trimmed_mean=9.038209e-01 s  std=7.530640e-05 s
first drift    median=4.355550e-05 s  trimmed_mean=4.359773e-05 s  std=1.286472e-07 s
force          median=9.036515e-01 s  trimmed_mean=9.036493e-01 s  std=7.412498e-05 s
kick           median=6.440050e-05 s  trimmed_mean=6.440173e-05 s  std=5.884163e-07 s
second drift   median=6.286100e-05 s  trimmed_mean=6.299398e-05 s  std=1.805020e-06 s

--- PAPI hardware counters, force kernel (50 steps) ---
cycles         median=3.870525e+09    trimmed_mean=3.870487e+09    std=2.233768e+05
instructions   median=5.476609e+09    trimmed_mean=5.476609e+09    std=9.165151e-01
L1 dcm         median=9.571029e+08    trimmed_mean=9.571037e+08    std=1.083186e+04
L2 dcm         median=1.370459e+07    trimmed_mean=1.371072e+07    std=2.146842e+04
IPC            : 1.414967e+00
