# serial direct N-body DKD rsqrt-newton3rd
# arithmetic_dtype=double binary_storage=float32 format=nbody-f32-v1
# N=50000 nsteps=50 dt=0.0001 eps=0.050000000000000003 G=1 mass=1
# step time kinetic potential total rel_energy_drift
0 0 366701859.8791694 -732114869.15914667 -365413009.27997726 0
50 0.0050000000000000001 363022541.76515198 -728435395.78267884 -365412854.01752687 0
# final: N=50000 steps=50 arithmetic_dtype=double max_relative_energy_drift=0 tolerance=0.001 status=OK

--- profiling report ---
file read      : 1.419085e-03 s
file write     : 0.000000e+00 s
initial energy : 4.026094e+00 s
total run      : 5.325200e+01 s

--- per-step phases (50 steps) ---
total step     median=9.041382e-01 s  trimmed_mean=9.041443e-01 s  std=7.315363e-05 s
first drift    median=4.385049e-05 s  trimmed_mean=4.386060e-05 s  std=1.181055e-07 s
force          median=9.039657e-01 s  trimmed_mean=9.039704e-01 s  std=7.317320e-05 s
kick           median=6.445099e-05 s  trimmed_mean=6.449768e-05 s  std=4.471436e-07 s
second drift   median=6.450000e-05 s  trimmed_mean=6.440380e-05 s  std=1.287797e-06 s

--- PAPI hardware counters, force kernel (50 steps) ---
cycles         median=3.872471e+09    trimmed_mean=3.872453e+09    std=2.378665e+05
instructions   median=5.476609e+09    trimmed_mean=5.476609e+09    std=6.144103e-01
L1 dcm         median=9.572400e+08    trimmed_mean=9.572380e+08    std=1.116259e+04
L2 dcm         median=1.414247e+07    trimmed_mean=1.416729e+07    std=5.060697e+04
IPC            : 1.414252e+00
