# serial direct N-body DKD rsqrt-newton3rd
# arithmetic_dtype=double binary_storage=float32 format=nbody-f32-v1
# N=50000 nsteps=50 dt=0.0001 eps=0.050000000000000003 G=1 mass=1
# step time kinetic potential total rel_energy_drift
0 0 366701859.8791694 -732114869.15914667 -365413009.27997726 0
50 0.0050000000000000001 363022541.76515198 -728435395.78267884 -365412854.01752687 0
# final: N=50000 steps=50 arithmetic_dtype=double max_relative_energy_drift=0 tolerance=0.001 status=OK

--- profiling report ---
file read      : 1.417175e-03 s
file write     : 0.000000e+00 s
initial energy : 4.024922e+00 s
total run      : 5.351049e+01 s

--- per-step phases (50 steps) ---
total step     median=9.094386e-01 s  trimmed_mean=9.094762e-01 s  std=2.214411e-04 s
first drift    median=4.326001e-05 s  trimmed_mean=4.326425e-05 s  std=7.957986e-08 s
force          median=9.092633e-01 s  trimmed_mean=9.093032e-01 s  std=2.211857e-04 s
kick           median=6.468600e-05 s  trimmed_mean=6.466417e-05 s  std=5.099777e-07 s
second drift   median=6.491499e-05 s  trimmed_mean=6.466822e-05 s  std=1.498881e-06 s

--- PAPI hardware counters, force kernel (50 steps) ---
cycles         median=3.895068e+09    trimmed_mean=3.895268e+09    std=9.076354e+05
instructions   median=5.476609e+09    trimmed_mean=5.476609e+09    std=7.378177e-01
L1 dcm         median=9.573471e+08    trimmed_mean=9.573471e+08    std=9.237090e+03
L2 dcm         median=1.343542e+07    trimmed_mean=1.343769e+07    std=1.597952e+04
IPC            : 1.405959e+00
