# serial direct N-body DKD rsqrt
# arithmetic_dtype=double binary_storage=float32 format=nbody-f32-v1
# N=50000 nsteps=50 dt=0.0001 eps=0.050000000000000003 G=1 mass=1
# step time kinetic potential total rel_energy_drift
0 0 366701859.8791694 -732114869.15914667 -365413009.27997726 0
50 0.0050000000000000001 362748994.20715791 -728150755.93972945 -365401761.73257154 3.0780369390466755e-05
# final: N=50000 steps=50 arithmetic_dtype=double max_relative_energy_drift=3.0780369390466755e-05 tolerance=0.001 status=OK

--- profiling report ---
file read      : 1.402375e-03 s
file write     : 0.000000e+00 s
initial energy : 4.032902e+00 s
total run      : 5.849682e+01 s

--- per-step phases (50 steps) ---
total step     median=1.007858e+00 s  trimmed_mean=1.008066e+00 s  std=4.541104e-04 s
first drift    median=4.346549e-05 s  trimmed_mean=4.344142e-05 s  std=2.259653e-07 s
force          median=1.007702e+00 s  trimmed_mean=1.007911e+00 s  std=4.538504e-04 s
kick           median=6.588100e-05 s  trimmed_mean=6.587575e-05 s  std=5.387708e-07 s
second drift   median=4.338048e-05 s  trimmed_mean=4.344150e-05 s  std=2.973016e-07 s

--- PAPI hardware counters, force kernel (50 steps) ---
cycles         median=4.310555e+09    trimmed_mean=4.310555e+09    std=4.177785e+04
instructions   median=8.125089e+09    trimmed_mean=8.125089e+09    std=9.367497e-01
L1 dcm         median=1.174203e+08    trimmed_mean=1.174202e+08    std=7.322689e+02
L2 dcm         median=1.677990e+06    trimmed_mean=1.677976e+06    std=2.424071e+03
IPC            : 1.884926e+00
