# serial direct N-body DKD rsqrt
# arithmetic_dtype=double binary_storage=float32 format=nbody-f32-v1
# N=50000 nsteps=50 dt=0.0001 eps=0.050000000000000003 G=1 mass=1
# step time kinetic potential total rel_energy_drift
0 0 366701859.8791694 -732114869.15914667 -365413009.27997726 0
50 0.0050000000000000001 362748994.20715791 -728150755.93972945 -365401761.73257154 0
# final: N=50000 steps=50 arithmetic_dtype=double max_relative_energy_drift=0 tolerance=0.001 status=OK

--- profiling report ---
file read      : 1.569856e-03 s
file write     : 0.000000e+00 s
initial energy : 4.031968e+00 s
total run      : 5.848527e+01 s

--- per-step phases (50 steps) ---
total step     median=1.008426e+00 s  trimmed_mean=1.008431e+00 s  std=5.526289e-05 s
first drift    median=4.348051e-05 s  trimmed_mean=4.340645e-05 s  std=2.576088e-07 s
force          median=1.008270e+00 s  trimmed_mean=1.008278e+00 s  std=5.443023e-05 s
kick           median=6.611500e-05 s  trimmed_mean=6.607445e-05 s  std=4.748074e-07 s
second drift   median=4.327050e-05 s  trimmed_mean=4.336550e-05 s  std=2.460859e-07 s

--- PAPI hardware counters, force kernel (50 steps) ---
cycles         median=4.314635e+09    trimmed_mean=4.314631e+09    std=9.663547e+04
instructions   median=8.125089e+09    trimmed_mean=8.125089e+09    std=8.046738e-01
L1 dcm         median=1.174037e+08    trimmed_mean=1.174038e+08    std=6.552969e+02
L2 dcm         median=1.824072e+06    trimmed_mean=1.823799e+06    std=2.780013e+03
IPC            : 1.883151e+00
