# serial direct N-body DKD rsqrt
# arithmetic_dtype=double binary_storage=float32 format=nbody-f32-v1
# N=50000 nsteps=50 dt=0.0001 eps=0.050000000000000003 G=1 mass=1
# step time kinetic potential total rel_energy_drift
0 0 366701859.8791694 -732114869.15914667 -365413009.27997726 0
50 0.0050000000000000001 362748994.20715791 -728150755.93972945 -365401761.73257154 0
# final: N=50000 steps=50 arithmetic_dtype=double max_relative_energy_drift=0 tolerance=0.001 status=OK

--- profiling report ---
file read      : 1.493646e-03 s
file write     : 0.000000e+00 s
initial energy : 4.031899e+00 s
total run      : 5.843972e+01 s

--- per-step phases (50 steps) ---
total step     median=1.007547e+00 s  trimmed_mean=1.007540e+00 s  std=7.105702e-05 s
first drift    median=4.385549e-05 s  trimmed_mean=4.384548e-05 s  std=2.213584e-07 s
force          median=1.007394e+00 s  trimmed_mean=1.007385e+00 s  std=7.051691e-05 s
kick           median=6.639049e-05 s  trimmed_mean=6.661625e-05 s  std=9.633008e-07 s
second drift   median=4.382551e-05 s  trimmed_mean=4.388178e-05 s  std=3.460931e-07 s

--- PAPI hardware counters, force kernel (50 steps) ---
cycles         median=4.311027e+09    trimmed_mean=4.311026e+09    std=5.516618e+04
instructions   median=8.125089e+09    trimmed_mean=8.125089e+09    std=9.000000e-01
L1 dcm         median=1.174161e+08    trimmed_mean=1.174160e+08    std=6.206283e+02
L2 dcm         median=1.824494e+06    trimmed_mean=1.825272e+06    std=4.585592e+03
IPC            : 1.884723e+00
