# serial direct N-body DKD rsqrt
# arithmetic_dtype=double binary_storage=float32 format=nbody-f32-v1
# N=50000 nsteps=50 dt=0.0001 eps=0.050000000000000003 G=1 mass=1
# step time kinetic potential total rel_energy_drift
0 0 366701859.8791694 -732114869.15914667 -365413009.27997726 0
50 0.0050000000000000001 362748994.20715791 -728150755.93972945 -365401761.73257154 0
# final: N=50000 steps=50 arithmetic_dtype=double max_relative_energy_drift=0 tolerance=0.001 status=OK

--- profiling report ---
file read      : 1.498846e-03 s
file write     : 0.000000e+00 s
initial energy : 4.029982e+00 s
total run      : 5.847864e+01 s

--- per-step phases (50 steps) ---
total step     median=1.008242e+00 s  trimmed_mean=1.008241e+00 s  std=6.136908e-05 s
first drift    median=4.326050e-05 s  trimmed_mean=4.330755e-05 s  std=2.818050e-07 s
force          median=1.008089e+00 s  trimmed_mean=1.008087e+00 s  std=5.974524e-05 s
kick           median=6.616101e-05 s  trimmed_mean=6.622775e-05 s  std=4.936300e-07 s
second drift   median=4.330100e-05 s  trimmed_mean=4.336163e-05 s  std=3.213618e-07 s

--- PAPI hardware counters, force kernel (50 steps) ---
cycles         median=4.313934e+09    trimmed_mean=4.313952e+09    std=8.101540e+04
instructions   median=8.125089e+09    trimmed_mean=8.125089e+09    std=1.004677e+00
L1 dcm         median=1.174524e+08    trimmed_mean=1.174523e+08    std=7.830538e+02
L2 dcm         median=1.831270e+06    trimmed_mean=1.830979e+06    std=2.915857e+03
IPC            : 1.883443e+00
