# serial direct N-body DKD rsqrt
# arithmetic_dtype=double binary_storage=float32 format=nbody-f32-v1
# N=50000 nsteps=50 dt=0.0001 eps=0.050000000000000003 G=1 mass=1
# step time kinetic potential total rel_energy_drift
0 0 366701859.8791694 -732114869.15914667 -365413009.27997726 0
50 0.0050000000000000001 362748994.20715791 -728150755.93972945 -365401761.73257154 3.0780369390466755e-05
# final: N=50000 steps=50 arithmetic_dtype=double max_relative_energy_drift=3.0780369390466755e-05 tolerance=0.001 status=OK

--- profiling report ---
file read      : 9.280825e-02 s
file write     : 0.000000e+00 s
initial energy : 4.082019e+00 s
total run      : 9.944422e+01 s

--- per-step phases (50 steps) ---
total step     median=1.836603e+00 s  trimmed_mean=1.825411e+00 s  std=1.619534e-02 s
first drift    median=4.446500e-05 s  trimmed_mean=4.463180e-05 s  std=1.185356e-06 s
force          median=1.836453e+00 s  trimmed_mean=1.825259e+00 s  std=1.619450e-02 s
kick           median=6.108100e-05 s  trimmed_mean=6.108225e-05 s  std=7.201789e-07 s
second drift   median=4.437050e-05 s  trimmed_mean=4.430850e-05 s  std=4.398455e-07 s

--- PAPI hardware counters, force kernel (50 steps) ---
cycles         median=7.862244e+09    trimmed_mean=7.813699e+09    std=6.858351e+07
instructions   median=2.062745e+10    trimmed_mean=2.062745e+10    std=1.563170e+01
L1 dcm         median=9.392997e+08    trimmed_mean=9.391452e+08    std=2.207028e+05
L2 dcm         median=2.191406e+07    trimmed_mean=2.123968e+07    std=9.723827e+05
IPC            : 2.641798e+00
