# serial direct N-body DKD rsqrt
# arithmetic_dtype=double binary_storage=float32 format=nbody-f32-v1
# N=50000 nsteps=50 dt=0.0001 eps=0.050000000000000003 G=1 mass=1
# step time kinetic potential total rel_energy_drift
0 0 366701859.8791694 -732114869.15914667 -365413009.27997726 0
50 0.0050000000000000001 362748994.20715791 -728150755.93972945 -365401761.73257154 3.0780369390466755e-05
# final: N=50000 steps=50 arithmetic_dtype=double max_relative_energy_drift=3.0780369390466755e-05 tolerance=0.001 status=OK

--- profiling report ---
file read      : 1.378825e-02 s
file write     : 0.000000e+00 s
initial energy : 4.058546e+00 s
total run      : 9.892741e+01 s

--- per-step phases (50 steps) ---
total step     median=1.814520e+00 s  trimmed_mean=1.814728e+00 s  std=5.309250e-04 s
first drift    median=4.362550e-05 s  trimmed_mean=4.366092e-05 s  std=1.236690e-07 s
force          median=1.814371e+00 s  trimmed_mean=1.814578e+00 s  std=5.297965e-04 s
kick           median=6.165050e-05 s  trimmed_mean=6.169470e-05 s  std=6.321105e-07 s
second drift   median=4.384100e-05 s  trimmed_mean=4.381263e-05 s  std=1.952429e-07 s

--- PAPI hardware counters, force kernel (50 steps) ---
cycles         median=7.761857e+09    trimmed_mean=7.762080e+09    std=1.053638e+06
instructions   median=2.062745e+10    trimmed_mean=2.062745e+10    std=3.056857e+00
L1 dcm         median=9.386242e+08    trimmed_mean=9.386256e+08    std=6.762155e+03
L2 dcm         median=1.780087e+07    trimmed_mean=1.779521e+07    std=2.982335e+04
IPC            : 2.655940e+00
