# serial direct N-body DKD rsqrt
# arithmetic_dtype=double binary_storage=float32 format=nbody-f32-v1
# N=50000 nsteps=50 dt=0.0001 eps=0.050000000000000003 G=1 mass=1
# step time kinetic potential total rel_energy_drift
0 0 366701859.8791694 -732114869.15914667 -365413009.27997726 0
50 0.0050000000000000001 362748994.20715791 -728150755.93972945 -365401761.73257154 0
# final: N=50000 steps=50 arithmetic_dtype=double max_relative_energy_drift=0 tolerance=0.001 status=OK

--- profiling report ---
file read      : 1.493436e-03 s
file write     : 0.000000e+00 s
initial energy : 4.035768e+00 s
total run      : 5.855565e+01 s

--- per-step phases (50 steps) ---
total step     median=1.009878e+00 s  trimmed_mean=1.009879e+00 s  std=7.408919e-05 s
first drift    median=4.384600e-05 s  trimmed_mean=4.381515e-05 s  std=2.299767e-07 s
force          median=1.009723e+00 s  trimmed_mean=1.009723e+00 s  std=7.336753e-05 s
kick           median=6.808600e-05 s  trimmed_mean=6.768660e-05 s  std=2.524402e-06 s
second drift   median=4.396500e-05 s  trimmed_mean=4.399518e-05 s  std=2.626919e-07 s

--- PAPI hardware counters, force kernel (50 steps) ---
cycles         median=4.318860e+09    trimmed_mean=4.318861e+09    std=6.191518e+04
instructions   median=8.125089e+09    trimmed_mean=8.125089e+09    std=9.151503e-01
L1 dcm         median=1.174080e+08    trimmed_mean=1.174080e+08    std=8.411466e+02
L2 dcm         median=1.744201e+06    trimmed_mean=1.744319e+06    std=2.481254e+03
IPC            : 1.881300e+00
