# serial direct N-body DKD baseline
# arithmetic_dtype=double binary_storage=float32 format=nbody-f32-v1
# N=50000 nsteps=50 dt=0.0001 eps=0.050000000000000003 G=1 mass=1
# step time kinetic potential total rel_energy_drift
0 0 366701859.8791694 -732114869.15914667 -365413009.27997726 0
50 0.0050000000000000001 363023077.33999175 -728435951.43430436 -365412874.09431261 3.6995307014425317e-07
# final: N=50000 steps=50 arithmetic_dtype=double max_relative_energy_drift=3.6995307014425317e-07 tolerance=0.001 status=OK

--- profiling report ---
file read      : 1.380934e-03 s
file write     : 0.000000e+00 s
initial energy : 4.028652e+00 s
total run      : 1.029818e+02 s

--- per-step phases (50 steps) ---
total step     median=1.897104e+00 s  trimmed_mean=1.897339e+00 s  std=4.479317e-04 s
first drift    median=4.349500e-05 s  trimmed_mean=4.355595e-05 s  std=2.422551e-07 s
force          median=1.896949e+00 s  trimmed_mean=1.897181e+00 s  std=4.466815e-04 s
kick           median=6.867050e-05 s  trimmed_mean=6.876875e-05 s  std=7.153594e-07 s
second drift   median=4.366550e-05 s  trimmed_mean=4.375930e-05 s  std=3.528558e-07 s

--- PAPI hardware counters, force kernel (50 steps) ---
cycles         median=8.113181e+09    trimmed_mean=8.113189e+09    std=3.052130e+04
instructions   median=6.875090e+09    trimmed_mean=6.875090e+09    std=1.407977e+01
L1 dcm         median=1.173939e+08    trimmed_mean=1.173940e+08    std=5.249637e+02
L2 dcm         median=1.883028e+06    trimmed_mean=1.883127e+06    std=2.699847e+03
IPC            : 8.473967e-01
