# serial direct N-body DKD baseline
# arithmetic_dtype=double binary_storage=float32 format=nbody-f32-v1
# N=50000 nsteps=50 dt=0.0001 eps=0.050000000000000003 G=1 mass=1
# step time kinetic potential total rel_energy_drift
0 0 366701859.8791694 -732114869.15914667 -365413009.27997726 0
50 0.0050000000000000001 363023077.33999175 -728435951.43430436 -365412874.09431261 3.6995307014425317e-07
# final: N=50000 steps=50 arithmetic_dtype=double max_relative_energy_drift=3.6995307014425317e-07 tolerance=0.001 status=OK

--- profiling report ---
file read      : 1.547856e-03 s
file write     : 0.000000e+00 s
initial energy : 4.033708e+00 s
total run      : 1.030028e+02 s

--- per-step phases (50 steps) ---
total step     median=1.897086e+00 s  trimmed_mean=1.897294e+00 s  std=6.179430e-04 s
first drift    median=4.302550e-05 s  trimmed_mean=4.318635e-05 s  std=5.406923e-07 s
force          median=1.896920e+00 s  trimmed_mean=1.897137e+00 s  std=6.177323e-04 s
kick           median=6.839550e-05 s  trimmed_mean=6.824295e-05 s  std=6.181468e-07 s
second drift   median=4.317550e-05 s  trimmed_mean=4.353190e-05 s  std=1.261891e-06 s

--- PAPI hardware counters, force kernel (50 steps) ---
cycles         median=8.113617e+09    trimmed_mean=8.113610e+09    std=4.337289e+04
instructions   median=6.875090e+09    trimmed_mean=6.875090e+09    std=1.021947e+00
L1 dcm         median=1.174128e+08    trimmed_mean=1.174128e+08    std=6.293377e+02
L2 dcm         median=1.775792e+06    trimmed_mean=1.775634e+06    std=3.618538e+03
IPC            : 8.473518e-01
