# serial direct N-body DKD baseline
# arithmetic_dtype=double binary_storage=float32 format=nbody-f32-v1
# N=50000 nsteps=50 dt=0.0001 eps=0.050000000000000003 G=1 mass=1
# step time kinetic potential total rel_energy_drift
0 0 366701859.8791694 -732114869.15914667 -365413009.27997726 0
50 0.0050000000000000001 363023077.33999175 -728435951.43430436 -365412874.09431261 3.6995307014425317e-07
# final: N=50000 steps=50 arithmetic_dtype=double max_relative_energy_drift=3.6995307014425317e-07 tolerance=0.001 status=OK

--- profiling report ---
file read      : 1.432393e-03 s
file write     : 0.000000e+00 s
initial energy : 4.051071e+00 s
total run      : 1.041566e+02 s

--- per-step phases (50 steps) ---
total step     median=1.903104e+00 s  trimmed_mean=1.911834e+00 s  std=1.913861e-02 s
first drift    median=4.373550e-05 s  trimmed_mean=4.439727e-05 s  std=1.305669e-06 s
force          median=1.902951e+00 s  trimmed_mean=1.911675e+00 s  std=1.913837e-02 s
kick           median=6.644600e-05 s  trimmed_mean=6.674450e-05 s  std=1.164466e-06 s
second drift   median=4.393550e-05 s  trimmed_mean=4.452410e-05 s  std=1.213072e-06 s

--- PAPI hardware counters, force kernel (50 steps) ---
cycles         median=8.110928e+09    trimmed_mean=8.110930e+09    std=3.972328e+04
instructions   median=6.875090e+09    trimmed_mean=6.875090e+09    std=2.203450e+01
L1 dcm         median=1.174355e+08    trimmed_mean=1.174356e+08    std=5.735843e+02
L2 dcm         median=1.726914e+06    trimmed_mean=1.727370e+06    std=2.626616e+03
IPC            : 8.476324e-01
