# serial direct N-body DKD baseline
# arithmetic_dtype=double binary_storage=float32 format=nbody-f32-v1
# N=50000 nsteps=50 dt=0.0001 eps=0.050000000000000003 G=1 mass=1
# step time kinetic potential total rel_energy_drift
0 0 366701859.8791694 -732114869.15914667 -365413009.27997726 0
50 0.0050000000000000001 363023077.33999175 -728435951.43430436 -365412874.09431261 3.6995307014425317e-07
# final: N=50000 steps=50 arithmetic_dtype=double max_relative_energy_drift=3.6995307014425317e-07 tolerance=0.001 status=OK

--- profiling report ---
file read      : 1.462153e-03 s
file write     : 0.000000e+00 s
initial energy : 4.186175e+00 s
total run      : 1.077848e+02 s

--- per-step phases (50 steps) ---
total step     median=1.985520e+00 s  trimmed_mean=1.986420e+00 s  std=5.951498e-03 s
first drift    median=4.517550e-05 s  trimmed_mean=4.541840e-05 s  std=7.575599e-07 s
force          median=1.985356e+00 s  trimmed_mean=1.986259e+00 s  std=5.952751e-03 s
kick           median=6.819550e-05 s  trimmed_mean=6.751033e-05 s  std=2.963748e-06 s
second drift   median=4.503050e-05 s  trimmed_mean=4.580092e-05 s  std=1.712666e-06 s

--- PAPI hardware counters, force kernel (50 steps) ---
cycles         median=8.113252e+09    trimmed_mean=8.113247e+09    std=4.627939e+04
instructions   median=6.875090e+09    trimmed_mean=6.875090e+09    std=6.011447e+00
L1 dcm         median=1.173945e+08    trimmed_mean=1.173946e+08    std=8.134185e+02
L2 dcm         median=1.622359e+06    trimmed_mean=1.621714e+06    std=2.236214e+03
IPC            : 8.473907e-01
