# serial direct N-body DKD baseline
# arithmetic_dtype=double binary_storage=float32 format=nbody-f32-v1
# N=50000 nsteps=50 dt=0.0001 eps=0.050000000000000003 G=1 mass=1
# step time kinetic potential total rel_energy_drift
0 0 366701859.87917197 -732114869.1585114 -365413009.27933943 0
10 0.001 366147476.03829813 -731560470.386729 -365412994.34843087 4.0860363976091933e-08
20 0.002 365489536.09076494 -730902527.14708269 -365412991.05631775 4.9869657684098916e-08
30 0.0030000000000000001 364736929.23679 -730149890.64730859 -365412961.41051859 1.3099922452264838e-07
40 0.0040000000000000001 363907544.48745811 -729320466.00460291 -365412921.5171448 2.4017260580450272e-07
50 0.0050000000000000001 363023077.33884108 -728435951.4326185 -365412874.09377742 3.6995278925944689e-07
# final: N=50000 steps=50 arithmetic_dtype=double max_relative_energy_drift=3.6995278925944689e-07 tolerance=0.001 status=OK

--- profiling report ---
file read      : 3.081000e-03 s
file write     : 0.000000e+00 s
initial energy : 1.224653e+00 s

--- per-step phases (50 steps) ---
total step     median=4.216047e+00 s  trimmed_mean=4.275990e+00 s  std=1.115382e-01 s
first drift    median=3.700005e-05 s  trimmed_mean=3.772500e-05 s  std=1.182941e-06 s
force          median=4.215870e+00 s  trimmed_mean=4.275713e+00 s  std=1.114139e-01 s
kick           median=1.080000e-04 s  trimmed_mean=1.664000e-04 s  std=1.281986e-04 s
second drift   median=5.199999e-05 s  trimmed_mean=5.180000e-05 s  std=1.025475e-05 s
