# serial direct N-body DKD rsqrt-newton3rd
# arithmetic_dtype=double binary_storage=float32 format=nbody-f32-v1
# N=50000 nsteps=50 dt=0.0001 eps=0.050000000000000003 G=1 mass=1
# step time kinetic potential total rel_energy_drift
0 0 366701859.8791694 -732114869.15914667 -365413009.27997726 0
50 0.0050000000000000001 367410860.48068666 -732794113.02560997 -365383252.54492331 8.1433157272069301e-05
# final: N=50000 steps=50 arithmetic_dtype=double max_relative_energy_drift=8.1433157272069301e-05 tolerance=0.001 status=OK

--- profiling report ---
file read      : 1.466734e-03 s
file write     : 0.000000e+00 s
initial energy : 4.040056e+00 s
total run      : 4.635793e+01 s

--- per-step phases (50 steps) ---
total step     median=7.650087e-01 s  trimmed_mean=7.652257e-01 s  std=5.474833e-04 s
first drift    median=4.383551e-05 s  trimmed_mean=4.409318e-05 s  std=9.453611e-07 s
force          median=7.648334e-01 s  trimmed_mean=7.650532e-01 s  std=5.476244e-04 s
kick           median=6.569551e-05 s  trimmed_mean=6.415333e-05 s  std=3.055286e-06 s
second drift   median=6.408599e-05 s  trimmed_mean=6.456710e-05 s  std=2.526378e-06 s

--- PAPI hardware counters, force kernel (50 steps) ---
cycles         median=3.270986e+09    trimmed_mean=3.271019e+09    std=5.037071e+05
instructions   median=4.382234e+09    trimmed_mean=4.382234e+09    std=1.017042e+00
L1 dcm         median=9.526798e+08    trimmed_mean=9.526796e+08    std=6.961679e+03
L2 dcm         median=2.539519e+07    trimmed_mean=2.539277e+07    std=4.199719e+04
IPC            : 1.339709e+00
