# serial direct N-body DKD rsqrt-newton3rd
# arithmetic_dtype=double binary_storage=float32 format=nbody-f32-v1
# N=50000 nsteps=50 dt=0.0001 eps=0.050000000000000003 G=1 mass=1
# step time kinetic potential total rel_energy_drift
0 0 366701859.8791694 -732114869.15914667 -365413009.27997726 0
50 0.0050000000000000001 363022541.76515198 -728435395.78267884 -365412854.01752687 0
# final: N=50000 steps=50 arithmetic_dtype=double max_relative_energy_drift=0 tolerance=0.001 status=OK

--- profiling report ---
file read      : 1.536306e-03 s
file write     : 0.000000e+00 s
initial energy : 4.036049e+00 s
total run      : 5.293469e+01 s

--- per-step phases (50 steps) ---
total step     median=8.973227e-01 s  trimmed_mean=8.973397e-01 s  std=8.608372e-05 s
first drift    median=4.366551e-05 s  trimmed_mean=4.368338e-05 s  std=8.652774e-08 s
force          median=8.971507e-01 s  trimmed_mean=8.971675e-01 s  std=8.634548e-05 s
kick           median=6.390600e-05 s  trimmed_mean=6.401218e-05 s  std=4.592265e-07 s
second drift   median=6.372599e-05 s  trimmed_mean=6.378272e-05 s  std=1.208983e-06 s

--- PAPI hardware counters, force kernel (50 steps) ---
cycles         median=3.839403e+09    trimmed_mean=3.839410e+09    std=1.611703e+05
instructions   median=5.476609e+09    trimmed_mean=5.476609e+09    std=6.689544e-01
L1 dcm         median=9.573006e+08    trimmed_mean=9.573014e+08    std=1.552489e+04
L2 dcm         median=1.580275e+07    trimmed_mean=1.579976e+07    std=1.843656e+04
IPC            : 1.426367e+00
