# serial direct N-body DKD rsqrt-newton3rd
# arithmetic_dtype=double binary_storage=float32 format=nbody-f32-v1
# N=50000 nsteps=50 dt=0.0001 eps=0.050000000000000003 G=1 mass=1
# step time kinetic potential total rel_energy_drift
0 0 366701859.8791694 -732114869.15914667 -365413009.27997726 0
50 0.0050000000000000001 363022541.76515198 -728435395.78267884 -365412854.01752687 0
# final: N=50000 steps=50 arithmetic_dtype=double max_relative_energy_drift=0 tolerance=0.001 status=OK

--- profiling report ---
file read      : 1.560666e-03 s
file write     : 0.000000e+00 s
initial energy : 4.032762e+00 s
total run      : 5.078698e+01 s

--- per-step phases (50 steps) ---
total step     median=8.547322e-01 s  trimmed_mean=8.547650e-01 s  std=2.787182e-04 s
first drift    median=4.358050e-05 s  trimmed_mean=4.360030e-05 s  std=9.250670e-08 s
force          median=8.545563e-01 s  trimmed_mean=8.545927e-01 s  std=2.790393e-04 s
kick           median=6.446049e-05 s  trimmed_mean=6.455112e-05 s  std=4.954305e-07 s
second drift   median=6.322601e-05 s  trimmed_mean=6.303470e-05 s  std=2.003946e-06 s

--- PAPI hardware counters, force kernel (50 steps) ---
cycles         median=3.657351e+09    trimmed_mean=3.657181e+09    std=1.072961e+06
instructions   median=5.476609e+09    trimmed_mean=5.476609e+09    std=8.291562e-01
L1 dcm         median=9.565202e+08    trimmed_mean=9.565181e+08    std=1.143240e+04
L2 dcm         median=1.427447e+07    trimmed_mean=1.427382e+07    std=1.859516e+04
IPC            : 1.497445e+00
