# serial direct N-body DKD rsqrt-newton3rd
# arithmetic_dtype=double binary_storage=float32 format=nbody-f32-v1
# N=50000 nsteps=50 dt=0.0001 eps=0.050000000000000003 G=1 mass=1
# step time kinetic potential total rel_energy_drift
0 0 366701859.8791694 -732114869.15914667 -365413009.27997726 0
50 0.0050000000000000001 363022541.76515198 -728435395.78267884 -365412854.01752687 0
# final: N=50000 steps=50 arithmetic_dtype=double max_relative_energy_drift=0 tolerance=0.001 status=OK

--- profiling report ---
file read      : 1.516896e-03 s
file write     : 0.000000e+00 s
initial energy : 4.031977e+00 s
total run      : 5.345633e+01 s

--- per-step phases (50 steps) ---
total step     median=9.078975e-01 s  trimmed_mean=9.079080e-01 s  std=1.099280e-04 s
first drift    median=4.324599e-05 s  trimmed_mean=4.331318e-05 s  std=1.176515e-07 s
force          median=9.077179e-01 s  trimmed_mean=9.077267e-01 s  std=1.108287e-04 s
kick           median=7.297550e-05 s  trimmed_mean=7.302110e-05 s  std=4.610104e-07 s
second drift   median=6.449051e-05 s  trimmed_mean=6.436313e-05 s  std=1.275720e-06 s

--- PAPI hardware counters, force kernel (50 steps) ---
cycles         median=3.884866e+09    trimmed_mean=3.884791e+09    std=3.147861e+05
instructions   median=5.476609e+09    trimmed_mean=5.476609e+09    std=7.901740e-01
L1 dcm         median=9.575403e+08    trimmed_mean=9.575401e+08    std=6.734710e+03
L2 dcm         median=1.413518e+07    trimmed_mean=1.413321e+07    std=1.357355e+04
IPC            : 1.409744e+00
