# serial direct N-body DKD rsqrt-newton3rd
# arithmetic_dtype=double binary_storage=float32 format=nbody-f32-v1
# N=50000 nsteps=50 dt=0.0001 eps=0.050000000000000003 G=1 mass=1
# step time kinetic potential total rel_energy_drift
0 0 366701859.8791694 -732114869.15914667 -365413009.27997726 0
50 0.0050000000000000001 367410860.48068666 -732794113.02560997 -365383252.54492331 8.1433157272069301e-05
# final: N=50000 steps=50 arithmetic_dtype=double max_relative_energy_drift=8.1433157272069301e-05 tolerance=0.001 status=OK

--- profiling report ---
file read      : 1.436483e-03 s
file write     : 0.000000e+00 s
initial energy : 4.040990e+00 s
total run      : 4.408413e+01 s

--- per-step phases (50 steps) ---
total step     median=7.196093e-01 s  trimmed_mean=7.196936e-01 s  std=1.086946e-03 s
first drift    median=4.408501e-05 s  trimmed_mean=4.518045e-05 s  std=3.826789e-06 s
force          median=7.194360e-01 s  trimmed_mean=7.195178e-01 s  std=1.082921e-03 s
kick           median=6.549101e-05 s  trimmed_mean=6.566772e-05 s  std=1.142807e-06 s
second drift   median=6.397600e-05 s  trimmed_mean=6.414750e-05 s  std=2.640924e-06 s

--- PAPI hardware counters, force kernel (50 steps) ---
cycles         median=3.072566e+09    trimmed_mean=3.072080e+09    std=1.421106e+06
instructions   median=4.382234e+09    trimmed_mean=4.382234e+09    std=1.734755e+00
L1 dcm         median=9.526716e+08    trimmed_mean=9.526704e+08    std=7.357197e+03
L2 dcm         median=2.454455e+07    trimmed_mean=2.453826e+07    std=4.954624e+04
IPC            : 1.426537e+00
