# serial direct N-body DKD rsqrt-newton3rd
# arithmetic_dtype=double binary_storage=float32 format=nbody-f32-v1
# N=50000 nsteps=50 dt=0.0001 eps=0.050000000000000003 G=1 mass=1
# step time kinetic potential total rel_energy_drift
0 0 366701859.8791694 -732114869.15914667 -365413009.27997726 0
50 0.0050000000000000001 363022541.76515198 -728435395.78267884 -365412854.01752687 0
# final: N=50000 steps=50 arithmetic_dtype=double max_relative_energy_drift=0 tolerance=0.001 status=OK

--- profiling report ---
file read      : 1.407705e-03 s
file write     : 0.000000e+00 s
initial energy : 4.028024e+00 s
total run      : 5.124379e+01 s

--- per-step phases (50 steps) ---
total step     median=8.637064e-01 s  trimmed_mean=8.636968e-01 s  std=8.401920e-05 s
first drift    median=4.359550e-05 s  trimmed_mean=4.359965e-05 s  std=9.838159e-08 s
force          median=8.635332e-01 s  trimmed_mean=8.635241e-01 s  std=8.370569e-05 s
kick           median=6.465550e-05 s  trimmed_mean=6.493160e-05 s  std=9.711943e-07 s
second drift   median=6.386050e-05 s  trimmed_mean=6.367123e-05 s  std=1.576869e-06 s

--- PAPI hardware counters, force kernel (50 steps) ---
cycles         median=3.698488e+09    trimmed_mean=3.698491e+09    std=2.240299e+05
instructions   median=5.476609e+09    trimmed_mean=5.476609e+09    std=7.066647e-01
L1 dcm         median=9.565533e+08    trimmed_mean=9.565548e+08    std=1.055103e+04
L2 dcm         median=1.559805e+07    trimmed_mean=1.559787e+07    std=1.574818e+04
IPC            : 1.480755e+00
