# serial direct N-body DKD rsqrt-newton3rd
# arithmetic_dtype=double binary_storage=float32 format=nbody-f32-v1
# N=50000 nsteps=50 dt=0.0001 eps=0.050000000000000003 G=1 mass=1
# step time kinetic potential total rel_energy_drift
0 0 366701859.8791694 -732114869.15914667 -365413009.27997726 0
50 0.0050000000000000001 363022541.76515198 -728435395.78267884 -365412854.01752687 0
# final: N=50000 steps=50 arithmetic_dtype=double max_relative_energy_drift=0 tolerance=0.001 status=OK

--- profiling report ---
file read      : 1.416805e-03 s
file write     : 0.000000e+00 s
initial energy : 4.030666e+00 s
total run      : 5.179913e+01 s

--- per-step phases (50 steps) ---
total step     median=8.746616e-01 s  trimmed_mean=8.746810e-01 s  std=6.162116e-05 s
first drift    median=4.374501e-05 s  trimmed_mean=4.378843e-05 s  std=1.061598e-07 s
force          median=8.744916e-01 s  trimmed_mean=8.745101e-01 s  std=6.132233e-05 s
kick           median=6.378999e-05 s  trimmed_mean=6.378535e-05 s  std=5.476590e-07 s
second drift   median=6.254599e-05 s  trimmed_mean=6.287850e-05 s  std=1.852122e-06 s

--- PAPI hardware counters, force kernel (50 steps) ---
cycles         median=3.745845e+09    trimmed_mean=3.745840e+09    std=1.635396e+05
instructions   median=5.476609e+09    trimmed_mean=5.476609e+09    std=8.027297e-01
L1 dcm         median=9.569266e+08    trimmed_mean=9.569273e+08    std=1.385356e+04
L2 dcm         median=1.411183e+07    trimmed_mean=1.411126e+07    std=1.958708e+04
IPC            : 1.462022e+00
