# serial direct N-body DKD rsqrt-newton3rd
# arithmetic_dtype=double binary_storage=float32 format=nbody-f32-v1
# N=50000 nsteps=50 dt=0.0001 eps=0.050000000000000003 G=1 mass=1
# step time kinetic potential total rel_energy_drift
0 0 366701859.8791694 -732114869.15914667 -365413009.27997726 0
50 0.0050000000000000001 363022541.76515198 -728435395.78267884 -365412854.01752687 0
# final: N=50000 steps=50 arithmetic_dtype=double max_relative_energy_drift=0 tolerance=0.001 status=OK

--- profiling report ---
file read      : 1.410635e-03 s
file write     : 0.000000e+00 s
initial energy : 4.028424e+00 s
total run      : 5.006752e+01 s

--- per-step phases (50 steps) ---
total step     median=8.402348e-01 s  trimmed_mean=8.402338e-01 s  std=5.023835e-05 s
first drift    median=4.362500e-05 s  trimmed_mean=4.365162e-05 s  std=1.282965e-07 s
force          median=8.400595e-01 s  trimmed_mean=8.400609e-01 s  std=5.042553e-05 s
kick           median=6.468051e-05 s  trimmed_mean=6.462787e-05 s  std=4.591232e-07 s
second drift   median=6.428050e-05 s  trimmed_mean=6.413970e-05 s  std=1.124626e-06 s

--- PAPI hardware counters, force kernel (50 steps) ---
cycles         median=3.598823e+09    trimmed_mean=3.598827e+09    std=1.346217e+05
instructions   median=5.476609e+09    trimmed_mean=5.476609e+09    std=6.199798e-01
L1 dcm         median=9.561800e+08    trimmed_mean=9.561808e+08    std=9.594217e+03
L2 dcm         median=1.376072e+07    trimmed_mean=1.375772e+07    std=1.547460e+04
IPC            : 1.521768e+00
