# serial direct N-body DKD rsqrt-newton3rd
# arithmetic_dtype=double binary_storage=float32 format=nbody-f32-v1
# N=50000 nsteps=50 dt=0.0001 eps=0.050000000000000003 G=1 mass=1
# step time kinetic potential total rel_energy_drift
0 0 366701859.8791694 -732114869.15914667 -365413009.27997726 0
50 0.0050000000000000001 367410860.48068666 -732794113.02560997 -365383252.54492331 8.1433157272069301e-05
# final: N=50000 steps=50 arithmetic_dtype=double max_relative_energy_drift=8.1433157272069301e-05 tolerance=0.001 status=OK

--- profiling report ---
file read      : 1.445783e-03 s
file write     : 0.000000e+00 s
initial energy : 4.033060e+00 s
total run      : 4.396383e+01 s

--- per-step phases (50 steps) ---
total step     median=7.179565e-01 s  trimmed_mean=7.179983e-01 s  std=2.464597e-04 s
first drift    median=4.574501e-05 s  trimmed_mean=4.582015e-05 s  std=2.422886e-07 s
force          median=7.177797e-01 s  trimmed_mean=7.178216e-01 s  std=2.459629e-04 s
kick           median=6.444601e-05 s  trimmed_mean=6.456775e-05 s  std=7.163058e-07 s
second drift   median=6.362102e-05 s  trimmed_mean=6.396013e-05 s  std=1.776783e-06 s

--- PAPI hardware counters, force kernel (50 steps) ---
cycles         median=3.071569e+09    trimmed_mean=3.071615e+09    std=7.427880e+05
instructions   median=4.382234e+09    trimmed_mean=4.382234e+09    std=7.206768e-01
L1 dcm         median=9.529030e+08    trimmed_mean=9.529009e+08    std=8.466908e+03
L2 dcm         median=2.458405e+07    trimmed_mean=2.458482e+07    std=4.718072e+04
IPC            : 1.426707e+00
