# serial direct N-body DKD rsqrt
# arithmetic_dtype=double binary_storage=float32 format=nbody-f32-v1
# N=50000 nsteps=50 dt=0.0001 eps=0.050000000000000003 G=1 mass=1
# step time kinetic potential total rel_energy_drift
0 0 366701859.8791694 -732114869.15914667 -365413009.27997726 0
50 0.0050000000000000001 362748994.20715791 -728150755.93972945 -365401761.73257154 3.0780369390466755e-05
# final: N=50000 steps=50 arithmetic_dtype=double max_relative_energy_drift=3.0780369390466755e-05 tolerance=0.001 status=OK

--- profiling report ---
file read      : 2.384323e-02 s
file write     : 0.000000e+00 s
initial energy : 4.081183e+00 s
total run      : 9.882734e+01 s

--- per-step phases (50 steps) ---
total step     median=1.811030e+00 s  trimmed_mean=1.811954e+00 s  std=2.392793e-03 s
first drift    median=4.384050e-05 s  trimmed_mean=4.388277e-05 s  std=1.227475e-07 s
force          median=1.810860e+00 s  trimmed_mean=1.811783e+00 s  std=2.392603e-03 s
kick           median=8.295100e-05 s  trimmed_mean=8.311200e-05 s  std=1.206320e-06 s
second drift   median=4.390550e-05 s  trimmed_mean=4.396170e-05 s  std=1.789826e-07 s

--- PAPI hardware counters, force kernel (50 steps) ---
cycles         median=7.755903e+09    trimmed_mean=7.759443e+09    std=9.576684e+06
instructions   median=2.062745e+10    trimmed_mean=2.062745e+10    std=3.185514e+00
L1 dcm         median=9.385734e+08    trimmed_mean=9.385856e+08    std=3.622587e+04
L2 dcm         median=1.991999e+07    trimmed_mean=1.993148e+07    std=3.749049e+04
IPC            : 2.656711e+00
