# serial direct N-body DKD rsqrt
# arithmetic_dtype=double binary_storage=float32 format=nbody-f32-v1
# N=50000 nsteps=50 dt=0.0001 eps=0.050000000000000003 G=1 mass=1
# step time kinetic potential total rel_energy_drift
0 0 366701859.8791694 -732114869.15914667 -365413009.27997726 0
50 0.0050000000000000001 362748994.20715791 -728150755.93972945 -365401761.73257154 0
# final: N=50000 steps=50 arithmetic_dtype=double max_relative_energy_drift=0 tolerance=0.001 status=OK

--- profiling report ---
file read      : 1.465666e-03 s
file write     : 0.000000e+00 s
initial energy : 4.030954e+00 s
total run      : 5.850220e+01 s

--- per-step phases (50 steps) ---
total step     median=1.008777e+00 s  trimmed_mean=1.008767e+00 s  std=6.935299e-05 s
first drift    median=4.386550e-05 s  trimmed_mean=4.390640e-05 s  std=1.994722e-07 s
force          median=1.008623e+00 s  trimmed_mean=1.008612e+00 s  std=6.901727e-05 s
kick           median=6.608000e-05 s  trimmed_mean=6.621565e-05 s  std=5.482859e-07 s
second drift   median=4.397549e-05 s  trimmed_mean=4.398603e-05 s  std=2.052148e-07 s

--- PAPI hardware counters, force kernel (50 steps) ---
cycles         median=4.313998e+09    trimmed_mean=4.314018e+09    std=8.337395e+04
instructions   median=8.125089e+09    trimmed_mean=8.125089e+09    std=6.199798e-01
L1 dcm         median=1.174350e+08    trimmed_mean=1.174351e+08    std=7.958564e+02
L2 dcm         median=1.837824e+06    trimmed_mean=1.837836e+06    std=3.566868e+03
IPC            : 1.883419e+00
