# serial direct N-body DKD rsqrt
# arithmetic_dtype=double binary_storage=float32 format=nbody-f32-v1
# N=50000 nsteps=50 dt=0.0001 eps=0.050000000000000003 G=1 mass=1
# step time kinetic potential total rel_energy_drift
0 0 366701859.8791694 -732114869.15914667 -365413009.27997726 0
50 0.0050000000000000001 362748994.20715791 -728150755.93972945 -365401761.73257154 3.0780369390466755e-05
# final: N=50000 steps=50 arithmetic_dtype=double max_relative_energy_drift=3.0780369390466755e-05 tolerance=0.001 status=OK

--- profiling report ---
file read      : 1.434738e-03 s
file write     : 0.000000e+00 s
initial energy : 4.047657e+00 s
total run      : 9.887397e+01 s

--- per-step phases (50 steps) ---
total step     median=1.824928e+00 s  trimmed_mean=1.815788e+00 s  std=1.239236e-02 s
first drift    median=4.406600e-05 s  trimmed_mean=4.400582e-05 s  std=4.120937e-07 s
force          median=1.824774e+00 s  trimmed_mean=1.815636e+00 s  std=1.239333e-02 s
kick           median=6.103550e-05 s  trimmed_mean=6.143273e-05 s  std=1.147980e-06 s
second drift   median=4.396050e-05 s  trimmed_mean=4.398255e-05 s  std=2.552128e-07 s

--- PAPI hardware counters, force kernel (50 steps) ---
cycles         median=7.812141e+09    trimmed_mean=7.774036e+09    std=5.226651e+07
instructions   median=2.062745e+10    trimmed_mean=2.062745e+10    std=1.250237e+01
L1 dcm         median=9.389230e+08    trimmed_mean=9.387878e+08    std=2.045470e+05
L2 dcm         median=1.925725e+07    trimmed_mean=1.886926e+07    std=5.682701e+05
IPC            : 2.653972e+00
