# serial direct N-body DKD rsqrt
# arithmetic_dtype=double binary_storage=float32 format=nbody-f32-v1
# N=50000 nsteps=50 dt=0.0001 eps=0.050000000000000003 G=1 mass=1
# step time kinetic potential total rel_energy_drift
0 0 366701859.8791694 -732114869.15914667 -365413009.27997726 0
50 0.0050000000000000001 362748994.20715791 -728150755.93972945 -365401761.73257154 0
# final: N=50000 steps=50 arithmetic_dtype=double max_relative_energy_drift=0 tolerance=0.001 status=OK

--- profiling report ---
file read      : 1.409565e-03 s
file write     : 0.000000e+00 s
initial energy : 4.028979e+00 s
total run      : 5.845886e+01 s

--- per-step phases (50 steps) ---
total step     median=1.008254e+00 s  trimmed_mean=1.008254e+00 s  std=4.131232e-05 s
first drift    median=4.339000e-05 s  trimmed_mean=4.336498e-05 s  std=1.828038e-07 s
force          median=1.008102e+00 s  trimmed_mean=1.008100e+00 s  std=4.143115e-05 s
kick           median=6.622050e-05 s  trimmed_mean=6.623700e-05 s  std=4.501248e-07 s
second drift   median=4.309000e-05 s  trimmed_mean=4.318295e-05 s  std=2.598822e-07 s

--- PAPI hardware counters, force kernel (50 steps) ---
cycles         median=4.311060e+09    trimmed_mean=4.311049e+09    std=6.254547e+04
instructions   median=8.125089e+09    trimmed_mean=8.125089e+09    std=8.124038e-01
L1 dcm         median=1.173796e+08    trimmed_mean=1.173796e+08    std=5.190208e+02
L2 dcm         median=1.767198e+06    trimmed_mean=1.767306e+06    std=3.389678e+03
IPC            : 1.884712e+00
