# serial direct N-body DKD rsqrt
# arithmetic_dtype=double binary_storage=float32 format=nbody-f32-v1
# N=50000 nsteps=50 dt=0.0001 eps=0.050000000000000003 G=1 mass=1
# step time kinetic potential total rel_energy_drift
0 0 366701859.8791694 -732114869.15914667 -365413009.27997726 0
50 0.0050000000000000001 362748994.20715791 -728150755.93972945 -365401761.73257154 0
# final: N=50000 steps=50 arithmetic_dtype=double max_relative_energy_drift=0 tolerance=0.001 status=OK

--- profiling report ---
file read      : 1.388385e-03 s
file write     : 0.000000e+00 s
initial energy : 4.028987e+00 s
total run      : 5.845577e+01 s

--- per-step phases (50 steps) ---
total step     median=1.007871e+00 s  trimmed_mean=1.007871e+00 s  std=5.146888e-05 s
first drift    median=4.344601e-05 s  trimmed_mean=4.357855e-05 s  std=7.432129e-07 s
force          median=1.007716e+00 s  trimmed_mean=1.007718e+00 s  std=5.134950e-05 s
kick           median=6.567550e-05 s  trimmed_mean=6.578908e-05 s  std=5.609004e-07 s
second drift   median=4.343600e-05 s  trimmed_mean=4.344653e-05 s  std=2.455792e-07 s

--- PAPI hardware counters, force kernel (50 steps) ---
cycles         median=4.310752e+09    trimmed_mean=4.310758e+09    std=5.169672e+04
instructions   median=8.125089e+09    trimmed_mean=8.125089e+09    std=7.206768e-01
L1 dcm         median=1.173830e+08    trimmed_mean=1.173830e+08    std=4.650988e+02
L2 dcm         median=1.692912e+06    trimmed_mean=1.693316e+06    std=3.187354e+03
IPC            : 1.884840e+00
