# serial direct N-body DKD rsqrt
# arithmetic_dtype=double binary_storage=float32 format=nbody-f32-v1
# N=50000 nsteps=50 dt=0.0001 eps=0.050000000000000003 G=1 mass=1
# step time kinetic potential total rel_energy_drift
0 0 366701859.8791694 -732114869.15914667 -365413009.27997726 0
50 0.0050000000000000001 362748994.20715791 -728150755.93972945 -365401761.73257154 0
# final: N=50000 steps=50 arithmetic_dtype=double max_relative_energy_drift=0 tolerance=0.001 status=OK

--- profiling report ---
file read      : 1.395985e-03 s
file write     : 0.000000e+00 s
initial energy : 4.032448e+00 s
total run      : 5.843776e+01 s

--- per-step phases (50 steps) ---
total step     median=1.007374e+00 s  trimmed_mean=1.007388e+00 s  std=6.226252e-05 s
first drift    median=4.313049e-05 s  trimmed_mean=4.317683e-05 s  std=1.886317e-07 s
force          median=1.007222e+00 s  trimmed_mean=1.007235e+00 s  std=6.213544e-05 s
kick           median=6.578100e-05 s  trimmed_mean=6.585273e-05 s  std=4.997333e-07 s
second drift   median=4.314499e-05 s  trimmed_mean=4.324150e-05 s  std=2.810809e-07 s

--- PAPI hardware counters, force kernel (50 steps) ---
cycles         median=4.310554e+09    trimmed_mean=4.310564e+09    std=4.196160e+04
instructions   median=8.125089e+09    trimmed_mean=8.125089e+09    std=8.717798e-01
L1 dcm         median=1.174123e+08    trimmed_mean=1.174122e+08    std=6.321766e+02
L2 dcm         median=1.766152e+06    trimmed_mean=1.766359e+06    std=2.030583e+03
IPC            : 1.884921e+00
